fizz
fizzbuzz
fizz
91
fizzbuzz
buzz
fizz
22
58
fizz
43
buzz
4
19
61
fizzbuzz
37
2
buzz
fizz
buzz
59
32
52
77
buzz
fizz
8
fizz
44
buzz
buzz
fizz
fizz
buzz
82
17
fizzbuzz
83
67
94
38
11
buzz
fizz
73
buzz
34
98
23
buzz
47
buzz
13
fizz
92
fizz
fizz
fizz
14
71
62
26
76
79
fizz
31
88
1
fizz
fizz
74
fizzbuzz
68
fizz
53
16
fizz
46
64
fizz
41
fizz
buzz
97
fizz
buzz
49
fizz
89
fizz
fizz
fizz
29
fizzbuzz
56
28
86
fizz
7
